2026-03-13 12:52:23  开始执行，日志文件: 2026年03月13日智能油库运行日志.log
2026-03-13 12:52:23  正在从数据库读取数据...
2026-03-13 12:52:24  正在尝试从在线表格加载配置...
2026-03-13 12:52:24  在线表格加载失败: URL返回的是网页而非Excel文件，请填写直接下载链接
2026-03-13 12:52:24  正在读取本地配置文件: device_config.xlsx
2026-03-13 12:52:25  [配置] 全局设置列名: ['排除客户名称', '排除客户ID', '排除设备编码（若为空，则排除该客户所有设备；非空则排除具体device_code设备；多台设备时以英文逗号","分隔）', '备注（说明排除原因）']
2026-03-13 12:52:25  [配置] 匹配列名 → 排除客户ID='排除客户ID', 排除设备编码='排除设备编码（若为空，则排除该客户所有设备；非空则排除具体device_code设备；多台设备时以英文逗号","分隔）'
2026-03-13 12:52:25  [配置] 排除规则: customer_id=100046, 设备编码='' → （该客户全部设备）
2026-03-13 12:52:25  [配置] 排除规则: customer_id=100049, 设备编码='' → （该客户全部设备）
2026-03-13 12:52:25  [配置] 排除规则: customer_id=100110, 设备编码='' → （该客户全部设备）
2026-03-13 12:52:25  [配置] 排除规则: customer_id=100066, 设备编码='MO24032700700019' → ['MO24032700700019']
2026-03-13 12:52:25  [配置] 排除规则: customer_id=100079, 设备编码='TW24011700700032' → ['TW24011700700032']
2026-03-13 12:52:25  [未录入设备] 读取到 1 行，列名: ['未录入系统设备客户名称', '未录入系统设备编码', '说明：\n未录入系统设备，是指设备硬件已经交付给客户，但是未录入管理系统，数据库无此设备。设备录入系统后，这里需要删除该行记录！']
2026-03-13 12:52:25  [未录入设备] 列映射 → 设备编号='未录入系统设备编码', 客户名称='未录入系统设备客户名称', 安装时间='None'
2026-03-13 12:52:25  未录入系统设备配置加载完成，共 1 条
2026-03-13 12:52:25  配置加载完成 (来源: 本地文件，排除规则 5 条，计量客户 6 个，补录设备 1 台)
2026-03-13 12:52:25  [诊断] 空客户名被过滤的设备编号: ['TW23051800300798']
2026-03-13 12:52:25  过滤空客户名后剩余: 175 台（原始: 176 台）
2026-03-13 12:52:25  [诊断] 排除规则命中的设备（客户ID | 客户名称 | 设备编号）:
2026-03-13 12:52:25    -> customer_id=100049  贰壹陆  7c000c3132824692059
2026-03-13 12:52:25    -> customer_id=100066  浙江杰威  MO24032700700019
2026-03-13 12:52:25    -> customer_id=100079  浙江联众汽车零部件有限公司  TW24011700700032
2026-03-13 12:52:25    -> customer_id=100110  杭电研究院  MO24111301600018
2026-03-13 12:52:25    -> customer_id=100046  中润  ZRPYA2AA0100
2026-03-13 12:52:25    -> customer_id=100046  中润  ZRPYA2AA0101
2026-03-13 12:52:25    -> customer_id=100046  中润  ZRPYA2AA0055
2026-03-13 12:52:25    -> customer_id=100046  中润  ZRPYA2AA0059
2026-03-13 12:52:25    -> customer_id=100046  中润  ZRPYA2AA0058
2026-03-13 12:52:25    -> customer_id=100046  中润  ZRPYA2AA0048
2026-03-13 12:52:25    -> customer_id=100046  中润  ZRPYA2AA0060
2026-03-13 12:52:25    -> customer_id=100046  中润  ZRPYA2AA0068
2026-03-13 12:52:25    -> customer_id=100046  中润  ZRPYA2AGP0079
2026-03-13 12:52:25    -> customer_id=100046  中润  ZRPYA2AA0085
2026-03-13 12:52:25    -> customer_id=100046  中润  ZRPYA2AA0086
2026-03-13 12:52:25    -> customer_id=100046  中润  ZRPYA2AA0087
2026-03-13 12:52:25    -> customer_id=100046  中润  ZRPYA2AA0083
2026-03-13 12:52:25    -> customer_id=100046  中润  ZRPYA2AAGP0106
2026-03-13 12:52:25    -> customer_id=100046  中润  ZRPYA2AA0091
2026-03-13 12:52:25    -> customer_id=100046  中润  ZRPYA2AA0099
2026-03-13 12:52:25    -> customer_id=100046  中润  ZRYPA2AA0098
2026-03-13 12:52:25  排除规则过滤后剩余: 154 台
2026-03-13 12:52:25  已补录 1 台未入库设备，报表共 155 台
2026-03-13 12:52:26  报表发送成功
2026-03-13 12:52:26  处理完成: 2026年03月13日智能油库油量统计表.xlsx
